../Core/Src/lcd.c:54:13:LCD_WR_REG	16	static
../Core/Src/lcd.c:62:13:LCD_WR_DATA	16	static
../Core/Src/lcd.c:70:17:LCD_RD_DATA	4	static
../Core/Src/lcd.c:77:17:mypow	24	static
../Core/Src/lcd.c:87:6:lcd_set_address	24	static
../Core/Src/lcd.c:104:6:lcd_set_cursor	16	static
../Core/Src/lcd.c:116:6:lcd_set_display_on	8	static
../Core/Src/lcd.c:123:6:lcd_set_display_off	8	static
../Core/Src/lcd.c:130:10:lcd_read_point	24	static
../Core/Src/lcd.c:145:6:lcd_clear	24	static
../Core/Src/lcd.c:157:6:lcd_fill	32	static
../Core/Src/lcd.c:170:6:lcd_draw_point	16	static
../Core/Src/lcd.c:178:6:lcd_draw_line	64	static
../Core/Src/lcd.c:225:6:lcd_draw_rectangle	32	static
../Core/Src/lcd.c:236:13:_draw_circle_8	24	static
../Core/Src/lcd.c:250:6:lcd_draw_circle	48	static
../Core/Src/lcd.c:283:6:lcd_show_char	40	static
../Core/Src/lcd.c:331:6:lcd_show_string	56	static
../Core/Src/lcd.c:359:6:lcd_show_string_center	48	static
../Core/Src/lcd.c:369:6:lcd_show_int_num	48	static
../Core/Src/lcd.c:391:6:lcd_show_float_num	56	static
../Core/Src/lcd.c:411:6:lcd_show_picture	40	static
../Core/Src/lcd.c:430:6:lcd_set_direction	16	static
../Core/Src/lcd.c:443:6:lcd_init	8	static
