../Core/Src/lcd.c:53:13:LCD_WR_REG	16	static
../Core/Src/lcd.c:61:13:LCD_WR_DATA	16	static
../Core/Src/lcd.c:69:17:LCD_RD_DATA	4	static
../Core/Src/lcd.c:76:17:mypow	24	static
../Core/Src/lcd.c:86:6:lcd_set_address	24	static
../Core/Src/lcd.c:103:6:lcd_set_cursor	16	static
../Core/Src/lcd.c:115:6:lcd_set_display_on	8	static
../Core/Src/lcd.c:122:6:lcd_set_display_off	8	static
../Core/Src/lcd.c:129:10:lcd_read_point	24	static
../Core/Src/lcd.c:144:6:lcd_clear	24	static
../Core/Src/lcd.c:156:6:lcd_fill	32	static
../Core/Src/lcd.c:169:6:lcd_draw_point	16	static
../Core/Src/lcd.c:177:6:lcd_draw_line	64	static
../Core/Src/lcd.c:224:6:lcd_draw_rectangle	32	static
../Core/Src/lcd.c:235:13:_draw_circle_8	24	static
../Core/Src/lcd.c:249:6:lcd_draw_circle	48	static
../Core/Src/lcd.c:282:6:lcd_show_char	40	static
../Core/Src/lcd.c:330:6:lcd_show_string	56	static
../Core/Src/lcd.c:358:6:lcd_show_string_center	48	static
../Core/Src/lcd.c:368:6:lcd_show_int_num	48	static
../Core/Src/lcd.c:390:6:lcd_show_float_num	56	static
../Core/Src/lcd.c:410:6:lcd_show_picture	40	static
../Core/Src/lcd.c:429:6:lcd_set_direction	16	static
../Core/Src/lcd.c:442:6:lcd_init	8	static
