../Core/Src/main.c:102:6:RS485_TX_Enable	1
../Core/Src/main.c:109:6:RS485_RX_Enable	1
../Core/Src/main.c:116:6:Modbus_Send_Response	2
../Core/Src/main.c:132:6:Handle_Read_Request	3
../Core/Src/main.c:165:6:Handle_Write_Request	2
../Core/Src/main.c:183:6:Process_Modbus_Frame	5
../Core/Src/main.c:209:6:HAL_TIM_PeriodElapsedCallback	2
../Core/Src/main.c:221:5:main	5
../Core/Src/main.c:304:6:SystemClock_Config	3
../Core/Src/main.c:351:13:MX_SPI1_Init	2
../Core/Src/main.c:389:13:MX_TIM2_Init	4
../Core/Src/main.c:434:13:MX_USART3_UART_Init	2
../Core/Src/main.c:467:13:MX_GPIO_Init	1
../Core/Src/main.c:528:13:MX_FSMC_Init	2
../Core/Src/main.c:594:6:HAL_UARTEx_RxEventCallback	2
../Core/Src/main.c:617:6:Error_Handler	1
