../Core/Src/main.c:102:6:RS485_TX_Enable	8	static
../Core/Src/main.c:109:6:RS485_RX_Enable	8	static
../Core/Src/main.c:116:6:Modbus_Send_Response	16	static
../Core/Src/main.c:125:6:Handle_Read_Request	64	dynamic
../Core/Src/main.c:158:6:Handle_Write_Request	24	static
../Core/Src/main.c:176:6:Process_Modbus_Frame	16	static
../Core/Src/main.c:202:6:HAL_TIM_PeriodElapsedCallback	16	static
../Core/Src/main.c:214:5:main	8	static
../Core/Src/main.c:297:6:SystemClock_Config	88	static
../Core/Src/main.c:344:13:MX_SPI1_Init	8	static
../Core/Src/main.c:382:13:MX_TIM2_Init	32	static
../Core/Src/main.c:427:13:MX_USART3_UART_Init	8	static
../Core/Src/main.c:460:13:MX_GPIO_Init	56	static
../Core/Src/main.c:521:13:MX_FSMC_Init	64	static
../Core/Src/main.c:587:6:HAL_UARTEx_RxEventCallback	16	static
../Core/Src/main.c:610:6:Error_Handler	4	static,ignoring_inline_asm
