../Core/Src/main.c:83:6:RS485_TX_Enable	8	static
../Core/Src/main.c:90:6:RS485_RX_Enable	8	static
../Core/Src/main.c:97:6:Modbus_Send_Response	16	static
../Core/Src/main.c:106:6:Handle_Read_Request	64	dynamic
../Core/Src/main.c:139:6:Handle_Write_Request	24	static
../Core/Src/main.c:157:6:Process_Modbus_Frame	16	static
../Core/Src/main.c:187:5:main	8	static
../Core/Src/main.c:254:6:SystemClock_Config	88	static
../Core/Src/main.c:301:13:MX_USART3_UART_Init	8	static
../Core/Src/main.c:334:13:MX_GPIO_Init	48	static
../Core/Src/main.c:398:6:HAL_UARTEx_RxEventCallback	16	static
../Core/Src/main.c:421:6:Error_Handler	4	static,ignoring_inline_asm
