../Core/Src/main.c:84:6:RS485_TX_Enable	1
../Core/Src/main.c:91:6:RS485_RX_Enable	1
../Core/Src/main.c:98:6:Modbus_Send_Response	1
../Core/Src/main.c:107:6:Handle_Read_Request	3
../Core/Src/main.c:141:6:Handle_Write_Request	2
../Core/Src/main.c:159:6:Process_Modbus_Frame	5
../Core/Src/main.c:189:5:main	3
../Core/Src/main.c:256:6:SystemClock_Config	3
../Core/Src/main.c:303:13:MX_USART3_UART_Init	2
../Core/Src/main.c:336:13:MX_GPIO_Init	1
../Core/Src/main.c:400:6:HAL_UARTEx_RxEventCallback	2
../Core/Src/main.c:423:6:Error_Handler	1
