../Core/Src/stm32f4xx_hal_msp.c:63:6:HAL_MspInit	16	static
../Core/Src/stm32f4xx_hal_msp.c:86:6:HAL_SPI_MspInit	48	static
../Core/Src/stm32f4xx_hal_msp.c:124:6:HAL_SPI_MspDeInit	16	static
../Core/Src/stm32f4xx_hal_msp.c:154:6:HAL_TIM_Base_MspInit	24	static
../Core/Src/stm32f4xx_hal_msp.c:180:6:HAL_TIM_Base_MspDeInit	16	static
../Core/Src/stm32f4xx_hal_msp.c:205:6:HAL_UART_MspInit	48	static
../Core/Src/stm32f4xx_hal_msp.c:245:6:HAL_UART_MspDeInit	16	static
../Core/Src/stm32f4xx_hal_msp.c:272:13:HAL_FSMC_MspInit	32	static
../Core/Src/stm32f4xx_hal_msp.c:330:6:HAL_SRAM_MspInit	16	static
../Core/Src/stm32f4xx_hal_msp.c:342:13:HAL_FSMC_MspDeInit	8	static
../Core/Src/stm32f4xx_hal_msp.c:388:6:HAL_SRAM_MspDeInit	16	static
